vite.config.ts (1:262) [33m[UNRESOLVED_IMPORT] [0mCould not resolve '@sentry/vite-plugin' in vite.config.ts
   [38;5;246m╭[0m[38;5;246m─[0m[38;5;246m[[0m vite.config.ts:1:263 [38;5;246m][0m
   [38;5;246m│[0m
 [38;5;246m1 │[0m [38;5;249mc[0m[38;5;249mo[0m[38;5;249mn[0m[38;5;249ms[0m[38;5;249mt[0m[38;5;249m [0m[38;5;249m_[0m[38;5;249m_[0m[38;5;249mv[0m[38;5;249mi[0m[38;5;249mt[0m[38;5;249me[0m[38;5;249m_[0m[38;5;249mi[0m[38;5;249mn[0m[38;5;249mj[0m[38;5;249me[0m[38;5;249mc[0m[38;5;249mt[0m[38;5;249me[0m[38;5;249md[0m[38;5;249m_[0m[38;5;249mo[0m[38;5;249mr[0m[38;5;249mi[0m[38;5;249mg[0m[38;5;249mi[0m[38;5;249mn[0m[38;5;249ma[0m[38;5;249ml[0m[38;5;249m_[0m[38;5;249md[0m[38;5;249mi[0m[38;5;249mr[0m[38;5;249mn[0m[38;5;249ma[0m[38;5;249mm[0m[38;5;249me[0m[38;5;249m [0m[38;5;249m=[0m[38;5;249m [0m[38;5;249m"[0m[38;5;249m/[0m[38;5;249ma[0m[38;5;249mp[0m[38;5;249mp[0m[38;5;249m/[0m[38;5;249mp[0m[38;5;249ma[0m[38;5;249mc[0m[38;5;249mk[0m[38;5;249ma[0m[38;5;249mg[0m[38;5;249me[0m[38;5;249ms[0m[38;5;249m/[0m[38;5;249ma[0m[38;5;249mp[0m[38;5;249mp[0m[38;5;249m"[0m[38;5;249m;[0m[38;5;249mc[0m[38;5;249mo[0m[38;5;249mn[0m[38;5;249ms[0m[38;5;249mt[0m[38;5;249m [0m[38;5;249m_[0m[38;5;249m_[0m[38;5;249mv[0m[38;5;249mi[0m[38;5;249mt[0m[38;5;249me[0m[38;5;249m_[0m[38;5;249mi[0m[38;5;249mn[0m[38;5;249mj[0m[38;5;249me[0m[38;5;249mc[0m[38;5;249mt[0m[38;5;249me[0m[38;5;249md[0m[38;5;249m_[0m[38;5;249mo[0m[38;5;249mr[0m[38;5;249mi[0m[38;5;249mg[0m[38;5;249mi[0m[38;5;249mn[0m[38;5;249ma[0m[38;5;249ml[0m[38;5;249m_[0m[38;5;249mf[0m[38;5;249mi[0m[38;5;249ml[0m[38;5;249me[0m[38;5;249mn[0m[38;5;249ma[0m[38;5;249mm[0m[38;5;249me[0m[38;5;249m [0m[38;5;249m=[0m[38;5;249m [0m[38;5;249m"[0m[38;5;249m/[0m[38;5;249ma[0m[38;5;249mp[0m[38;5;249mp[0m[38;5;249m/[0m[38;5;249mp[0m[38;5;249ma[0m[38;5;249mc[0m[38;5;249mk[0m[38;5;249ma[0m[38;5;249mg[0m[38;5;249me[0m[38;5;249ms[0m[38;5;249m/[0m[38;5;249ma[0m[38;5;249mp[0m[38;5;249mp[0m[38;5;249m/[0m[38;5;249mv[0m[38;5;249mi[0m[38;5;249mt[0m[38;5;249me[0m[38;5;249m.[0m[38;5;249mc[0m[38;5;249mo[0m[38;5;249mn[0m[38;5;249mf[0m[38;5;249mi[0m[38;5;249mg[0m[38;5;249m.[0m[38;5;249mt[0m[38;5;249ms[0m[38;5;249m"[0m[38;5;249m;[0m[38;5;249mc[0m[38;5;249mo[0m[38;5;249mn[0m[38;5;249ms[0m[38;5;249mt[0m[38;5;249m [0m[38;5;249m_[0m[38;5;249m_[0m[38;5;249mv[0m[38;5;249mi[0m[38;5;249mt[0m[38;5;249me[0m[38;5;249m_[0m[38;5;249mi[0m[38;5;249mn[0m[38;5;249mj[0m[38;5;249me[0m[38;5;249mc[0m[38;5;249mt[0m[38;5;249me[0m[38;5;249md[0m[38;5;249m_[0m[38;5;249mo[0m[38;5;249mr[0m[38;5;249mi[0m[38;5;249mg[0m[38;5;249mi[0m[38;5;249mn[0m[38;5;249ma[0m[38;5;249ml[0m[38;5;249m_[0m[38;5;249mi[0m[38;5;249mm[0m[38;5;249mp[0m[38;5;249mo[0m[38;5;249mr[0m[38;5;249mt[0m[38;5;249m_[0m[38;5;249mm[0m[38;5;249me[0m[38;5;249mt[0m[38;5;249ma[0m[38;5;249m_[0m[38;5;249mu[0m[38;5;249mr[0m[38;5;249ml[0m[38;5;249m [0m[38;5;249m=[0m[38;5;249m [0m[38;5;249m"[0m[38;5;249mf[0m[38;5;249mi[0m[38;5;249ml[0m[38;5;249me[0m[38;5;249m:[0m[38;5;249m/[0m[38;5;249m/[0m[38;5;249m/[0m[38;5;249ma[0m[38;5;249mp[0m[38;5;249mp[0m[38;5;249m/[0m[38;5;249mp[0m[38;5;249ma[0m[38;5;249mc[0m[38;5;249mk[0m[38;5;249ma[0m[38;5;249mg[0m[38;5;249me[0m[38;5;249ms[0m[38;5;249m/[0m[38;5;249ma[0m[38;5;249mp[0m[38;5;249mp[0m[38;5;249m/[0m[38;5;249mv[0m[38;5;249mi[0m[38;5;249mt[0m[38;5;249me[0m[38;5;249m.[0m[38;5;249mc[0m[38;5;249mo[0m[38;5;249mn[0m[38;5;249mf[0m[38;5;249mi[0m[38;5;249mg[0m[38;5;249m.[0m[38;5;249mt[0m[38;5;249ms[0m[38;5;249m"[0m[38;5;249m;[0m[38;5;249mi[0m[38;5;249mm[0m[38;5;249mp[0m[38;5;249mo[0m[38;5;249mr[0m[38;5;249mt[0m[38;5;249m [0m[38;5;249m{[0m[38;5;249m [0m[38;5;249ms[0m[38;5;249me[0m[38;5;249mn[0m[38;5;249mt[0m[38;5;249mr[0m[38;5;249my[0m[38;5;249mV[0m[38;5;249mi[0m[38;5;249mt[0m[38;5;249me[0m[38;5;249mP[0m[38;5;249ml[0m[38;5;249mu[0m[38;5;249mg[0m[38;5;249mi[0m[38;5;249mn[0m[38;5;249m [0m[38;5;249m}[0m[38;5;249m [0m[38;5;249mf[0m[38;5;249mr[0m[38;5;249mo[0m[38;5;249mm[0m[38;5;249m [0m"@sentry/vite-plugin"
 [38;5;240m  │[0m                                                                                                                                                                                                                                                                       ──────────┬──────────
 [38;5;240m  │[0m                                                                                                                                                                                                                                                                                 ╰──────────── Module not found, treating it as an external dependency
[38;5;246m───╯[0m

vite.config.ts (2:29) [33m[UNRESOLVED_IMPORT] [0mCould not resolve 'vite' in vite.config.ts
   [38;5;246m╭[0m[38;5;246m─[0m[38;5;246m[[0m vite.config.ts:2:30 [38;5;246m][0m
   [38;5;246m│[0m
 [38;5;246m2 │[0m [38;5;249mi[0m[38;5;249mm[0m[38;5;249mp[0m[38;5;249mo[0m[38;5;249mr[0m[38;5;249mt[0m[38;5;249m [0m[38;5;249m{[0m[38;5;249m [0m[38;5;249md[0m[38;5;249me[0m[38;5;249mf[0m[38;5;249mi[0m[38;5;249mn[0m[38;5;249me[0m[38;5;249mC[0m[38;5;249mo[0m[38;5;249mn[0m[38;5;249mf[0m[38;5;249mi[0m[38;5;249mg[0m[38;5;249m [0m[38;5;249m}[0m[38;5;249m [0m[38;5;249mf[0m[38;5;249mr[0m[38;5;249mo[0m[38;5;249mm[0m[38;5;249m [0m"vite"
 [38;5;240m  │[0m                              ───┬──
 [38;5;240m  │[0m                                 ╰──── Module not found, treating it as an external dependency
[38;5;246m───╯[0m

vite.js (2:24) [33m[UNRESOLVED_IMPORT] [0mCould not resolve 'vite-plugin-solid' in vite.js
   [38;5;246m╭[0m[38;5;246m─[0m[38;5;246m[[0m vite.js:2:25 [38;5;246m][0m
   [38;5;246m│[0m
 [38;5;246m2 │[0m [38;5;249mi[0m[38;5;249mm[0m[38;5;249mp[0m[38;5;249mo[0m[38;5;249mr[0m[38;5;249mt[0m[38;5;249m [0m[38;5;249ms[0m[38;5;249mo[0m[38;5;249ml[0m[38;5;249mi[0m[38;5;249md[0m[38;5;249mP[0m[38;5;249ml[0m[38;5;249mu[0m[38;5;249mg[0m[38;5;249mi[0m[38;5;249mn[0m[38;5;249m [0m[38;5;249mf[0m[38;5;249mr[0m[38;5;249mo[0m[38;5;249mm[0m[38;5;249m [0m"vite-plugin-solid"
 [38;5;240m  │[0m                         ─────────┬─────────
 [38;5;240m  │[0m                                  ╰─────────── Module not found, treating it as an external dependency
[38;5;246m───╯[0m

vite.js (3:24) [33m[UNRESOLVED_IMPORT] [0mCould not resolve '@tailwindcss/vite' in vite.js
   [38;5;246m╭[0m[38;5;246m─[0m[38;5;246m[[0m vite.js:3:25 [38;5;246m][0m
   [38;5;246m│[0m
 [38;5;246m3 │[0m [38;5;249mi[0m[38;5;249mm[0m[38;5;249mp[0m[38;5;249mo[0m[38;5;249mr[0m[38;5;249mt[0m[38;5;249m [0m[38;5;249mt[0m[38;5;249ma[0m[38;5;249mi[0m[38;5;249ml[0m[38;5;249mw[0m[38;5;249mi[0m[38;5;249mn[0m[38;5;249md[0m[38;5;249mc[0m[38;5;249ms[0m[38;5;249ms[0m[38;5;249m [0m[38;5;249mf[0m[38;5;249mr[0m[38;5;249mo[0m[38;5;249mm[0m[38;5;249m [0m"@tailwindcss/vite"
 [38;5;240m  │[0m                         ─────────┬─────────
 [38;5;240m  │[0m                                  ╰─────────── Module not found, treating it as an external dependency
[38;5;246m───╯[0m

failed to load config from /app/packages/app/vite.config.ts
error when starting dev server:
Error [ERR_MODULE_NOT_FOUND]: Cannot find package '@sentry/vite-plugin' imported from /app/packages/app/vite.config.ts.timestamp-1779637415126-a63ab156b49f.mjs
    at Object.getPackageJSONURL (node:internal/modules/package_json_reader:314:9)
    at packageResolve (node:internal/modules/esm/resolve:768:81)
    at moduleResolve (node:internal/modules/esm/resolve:855:18)
    at defaultResolve (node:internal/modules/esm/resolve:985:11)
    at #cachedDefaultResolve (node:internal/modules/esm/loader:731:20)
    at ModuleLoader.resolve (node:internal/modules/esm/loader:708:38)
    at ModuleLoader.getModuleJobForImport (node:internal/modules/esm/loader:310:38)
    at ModuleJob._link (node:internal/modules/esm/module_job:182:49) {
  code: 'ERR_MODULE_NOT_FOUND'
}
